app/dashboard/page.tsx(256,23): error TS17015: Expected corresponding closing tag for JSX fragment.
app/dashboard/page.tsx(256,26): error TS1382: Unexpected token. Did you mean `{'>'}` or `&gt;`?
app/dashboard/page.tsx(257,15): error TS1003: Identifier expected.
app/dashboard/page.tsx(259,1): error TS1381: Unexpected token. Did you mean `{'}'}` or `&rbrace;`?
app/dashboard/page.tsx(260,11): error TS17002: Expected corresponding JSX closing tag for 'AuthGuard'.
app/dashboard/page.tsx(261,9): error TS1005: ')' expected.
app/dashboard/page.tsx(262,5): error TS1109: Expression expected.
